# Tests that an edge can be created between a parent node and a child node.

# Create an empty graph
created graph graph1

# Add nodes to a graph
added node node1 to graph1
added node node2 to graph1

# Add an edge from node1 to node 2
added edge edge1 from node1 to node2 in graph1