# Tests that a graph with no nodes can be created.

# Create a graph
created graph graph1