# Tests that the list of nodes in a graph can be printed out

#Create an empty graph
created graph graph1

# Add node to a graph
added node node1 to graph1
added node node2 to graph1

# Add an edge from node1 to node 2
added edge edge1 from node1 to node2 in graph1

# Print all of the nodes in a graph
graph1 contains: node1 node2