# Find a path with Dijkstra's algorithm when
# the starting node and destination node are the same node

created graph simpleGraph

added node A to simpleGraph

path from A to A:
total cost: 0.000