# Find a path with Dijkstra's algorithm when
# the destination node does not exist

created graph simpleGraph

added node A to simpleGraph

path from A to B:
unknown node B