# Find a path with Dijkstra's algorithm when
# no path exists between the starting node and destination node

created graph simpleGraph

added node A to simpleGraph
added node B to simpleGraph

path from A to B:
no path found